$ next build --turbopack
   ▲ Next.js 15.5.3 (Turbopack)
   - Environments: .env.local

   Creating an optimized production build ...
 ✓ Finished writing to disk in 25ms
 ✓ Compiled successfully in 6.0s
   Linting and checking validity of types ...
   Collecting page data ...
No POSTGRES_URL found in environment variables
Available env vars: []
No POSTGRES_URL found!
No POSTGRES_URL found in environment variables
Available env vars: []
No POSTGRES_URL found!
   Generating static pages (0/15) ...
No POSTGRES_URL found in environment variables
Available env vars: []
No POSTGRES_URL found!
   Generating static pages (3/15) 
   Generating static pages (7/15) 
   Generating static pages (11/15) 
 ✓ Generating static pages (15/15)
   Finalizing page optimization ...
   Collecting build traces ...

Route (app)                         Size  First Load JS
┌ ○ /                            26.6 kB         141 kB
├ ○ /_not-found                      0 B         114 kB
├ ƒ /api/auth/google                 0 B            0 B
├ ƒ /api/auth/outlook                0 B            0 B
├ ƒ /api/calendar/[id]               0 B            0 B
├ ƒ /api/calendar/sync               0 B            0 B
├ ƒ /api/db/init                     0 B            0 B
├ ƒ /api/debug/env                   0 B            0 B
├ ƒ /api/debug/profiles              0 B            0 B
├ ƒ /api/lindy/presales-report       0 B            0 B
├ ƒ /api/lindy/slides                0 B            0 B
├ ƒ /api/profiles                    0 B            0 B
├ ƒ /api/profiles/[id]               0 B            0 B
├ ƒ /api/tokens/[id]                 0 B            0 B
├ ○ /privacypolicy                   0 B         114 kB
├ ƒ /profile/[id]                31.5 kB         145 kB
└ ○ /termsofservice                  0 B         114 kB
+ First Load JS shared by all     133 kB
  ├ chunks/5564f493499345f1.js   24.1 kB
  ├ chunks/8082ab48faca5ea1.js   17.2 kB
  ├ chunks/d04efc723d1783d5.js   59.2 kB
  ├ chunks/fba3fbef13be2749.css  18.3 kB
  └ other shared chunks (total)  14.3 kB


○  (Static)   prerendered as static content
ƒ  (Dynamic)  server-rendered on demand

